// Jest Snapshot v1, https://goo.gl/fbAQLP

exports[`<Btn> 1`] = `
<button
  class="sc-AxjAm eJNnkM"
/>
`;
